
> client@0.1.0 build
> next build

Γû▓ Next.js 16.2.2 (Turbopack)
- Environments: .env

  Creating an optimized production build ...
Γ£ô Compiled successfully in 13.5s
  Running TypeScript ...
  Finished TypeScript in 310ms ...
  Collecting page data using 11 workers ...
Firebase initialized successfully
Firebase initialized successfully
Firebase initialized successfully
Firebase initialized successfully
Firebase initialized successfully
npm : Error: Failed to 
load external module react
-pdf-600edb03bdcb98f4: 
TypeError: 
Promise.withResolvers is 
not a function
At line:1 char:1
+ npm run build > 
build_output.txt 2>&1
+ ~~~~~~~~~~~~~~~~~~~~~~~~
~~~~~~~~~~~~~
    + CategoryInfo        
      : NotSpecified: (E  
  rror: Failed t... not   
  a function:String) [    
], RemoteException
    + FullyQualifiedError 
   Id : NativeCommandErr  
  or
 
    at 
Context.externalImport 
[as y] (C:\Users\arman\One
Drive\Desktop\evagaPrdouct
ion\frontendproductionInfo
\.next\server\chunks\ssr\[
turbopack]_runtime.js:607:
15)
    at async (C:\Users\arm
an\OneDrive\Desktop\evagaP
rdouction\frontendproducti
onInfo\.next\server\chunks
\ssr\[root-of-the-server]_
_09gmp17._.js:1:26530)

> Build error occurred
Error: Failed to collect 
page data for 
/Admin/AdminDashboard
    at ignore-listed 
frames {
  type: 'Error'
}
